src/app/(dashboard)/quote/[id]/edit/page.tsx(166,47): error TS2551: Property 'customer_phone' does not exist on type 'Quote'. Did you mean 'customer_name'?
src/app/(dashboard)/quote/[id]/edit/page.tsx(167,47): error TS2551: Property 'customer_email' does not exist on type 'Quote'. Did you mean 'customer_id'?
src/app/(dashboard)/quote/[id]/edit/page.tsx(169,43): error TS2551: Property 'event_time' does not exist on type 'Quote'. Did you mean 'event_date'?
src/app/(dashboard)/quote/[id]/edit/page.tsx(170,46): error TS2339: Property 'event_address' does not exist on type 'Quote'.
src/app/(dashboard)/quote/[id]/edit/page.tsx(172,44): error TS2339: Property 'table_count' does not exist on type 'Quote'.
src/app/(dashboard)/quote/[id]/edit/page.tsx(173,43): error TS2551: Property 'event_type' does not exist on type 'Quote'. Did you mean 'event_date'?
src/app/(dashboard)/quote/[id]/edit/page.tsx(174,38): error TS2339: Property 'notes' does not exist on type 'Quote'.
src/app/(dashboard)/quote/[id]/edit/page.tsx(188,31): error TS2339: Property 'services' does not exist on type 'Quote'.
src/app/(dashboard)/quote/[id]/edit/page.tsx(188,57): error TS2339: Property 'services' does not exist on type 'Quote'.
src/app/(dashboard)/quote/[id]/edit/page.tsx(190,31): error TS2339: Property 'services' does not exist on type 'Quote'.
src/app/(dashboard)/quote/[id]/edit/page.tsx(208,55): error TS2339: Property 'discount_furniture_percent' does not exist on type 'Quote'.
src/app/(dashboard)/quote/[id]/edit/page.tsx(209,51): error TS2339: Property 'discount_staff_percent' does not exist on type 'Quote'.
src/app/(dashboard)/quote/[id]/edit/page.tsx(210,51): error TS2339: Property 'discount_total_percent' does not exist on type 'Quote'.
src/app/(dashboard)/quote/[id]/edit/page.tsx(211,41): error TS2339: Property 'is_vat_inclusive' does not exist on type 'Quote'.
src/app/(dashboard)/quote/[id]/edit/page.tsx(502,29): error TS2367: This comparison appears to be unintentional because the types '"draft" | "sent" | "confirmed" | "cancelled" | undefined' and '"DRAFT"' have no overlap.
src/app/(dashboard)/quote/page.tsx(539,59): error TS2367: This comparison appears to be unintentional because the types '"draft" | "sent" | "confirmed" | "cancelled"' and '"DRAFT"' have no overlap.
src/app/(dashboard)/quote/page.tsx(555,59): error TS2367: This comparison appears to be unintentional because the types '"draft" | "sent" | "confirmed" | "cancelled"' and '"NEW"' have no overlap.
src/app/(dashboard)/quote/page.tsx(555,85): error TS2367: This comparison appears to be unintentional because the types '"draft" | "sent" | "confirmed" | "cancelled"' and '"APPROVED"' have no overlap.
src/app/(dashboard)/quote/page.tsx(562,87): error TS2345: Argument of type 'number' is not assignable to parameter of type 'SetStateAction<string | null>'.
src/app/(dashboard)/quote/page.tsx(563,95): error TS2339: Property 'code' does not exist on type 'Quote'.
src/components/orders/AddPaymentModal.tsx(9,44): error TS2307: Cannot find module '@/components/ui/radio-group' or its corresponding type declarations.
src/lib/pdf-export.ts(52,30): error TS2345: Argument of type '{ margin: number | number[]; filename: string; image: { type: string; quality: number; }; html2canvas: { scale: number; useCORS: boolean; logging: boolean; onclone: (clonedDoc: Document) => void; }; jsPDF: { ...; }; }' is not assignable to parameter of type 'Html2PdfOptions'.
  Types of property 'margin' are incompatible.
    Type 'number | number[]' is not assignable to type 'number | [number, number, number, number] | [number, number] | undefined'.
      Type 'number[]' is not assignable to type 'number | [number, number, number, number] | [number, number] | undefined'.
        Type 'number[]' is not assignable to type '[number, number, number, number] | [number, number]'.
          Type 'number[]' is not assignable to type '[number, number]'.
            Target requires 2 element(s) but source may have fewer.
src/stores/auth-store.spec.ts(2,21): error TS2307: Cannot find module '@testing-library/react' or its corresponding type declarations.
src/stores/auth-store.spec.ts(8,18): error TS2304: Cannot find name 'jest'.
src/stores/auth-store.spec.ts(9,18): error TS2304: Cannot find name 'jest'.
src/stores/auth-store.spec.ts(10,21): error TS2304: Cannot find name 'jest'.
src/stores/auth-store.spec.ts(11,16): error TS2304: Cannot find name 'jest'.
src/stores/auth-store.spec.ts(19,18): error TS2304: Cannot find name 'jest'.
src/stores/auth-store.spec.ts(20,18): error TS2304: Cannot find name 'jest'.
src/stores/auth-store.spec.ts(21,21): error TS2304: Cannot find name 'jest'.
src/stores/auth-store.spec.ts(22,16): error TS2304: Cannot find name 'jest'.
src/stores/auth-store.spec.ts(29,1): error TS2582: Cannot find name 'describe'. Do you need to install type definitions for a test runner? Try `npm i --save-dev @types/jest` or `npm i --save-dev @types/mocha`.
src/stores/auth-store.spec.ts(30,5): error TS2304: Cannot find name 'beforeEach'.
src/stores/auth-store.spec.ts(36,5): error TS2582: Cannot find name 'it'. Do you need to install type definitions for a test runner? Try `npm i --save-dev @types/jest` or `npm i --save-dev @types/mocha`.
